Administrator@Hasee-PC MINGW64 /
$ ssh root
ssh: Could not resolve hostname root: Name or service not known

Administrator@Hasee-PC MINGW64 /
$ ssh root@47.94.154.241
root@47.94.154.241's password:
Last failed login: Sat Sep 30 14:43:10 CST 2017 from 52.164.124.121 on ssh:notty
There were 3 failed login attempts since the last successful login.
Last login: Sat Sep 30 13:37:11 2017 from 183.156.48.235

Welcome to Alibaba Cloud Elastic Compute Service !

[root@jndpw ~]# cd /root/
[root@jndpw ~]# ls
mysql-5.7.19-linux-glibc2.12-x86_64         node-v6.11.3-linux-x64.tar.xz
mysql-5.7.19-linux-glibc2.12-x86_64.tar.gz  novelServer
node-v6.11.3-linux-x64
[root@jndpw ~]# cd novelServer/
[root@jndpw novelServer]# ls
app.js  libs          novel          package.json  routes
bin     node_modules  npm-debug.log  public
[root@jndpw novelServer]# DEBUG=myapp:* npm start

> expressapp@0.0.0 start /root/novelServer
> node ./bin/www

Port 3001 is already in use

npm ERR! Linux 4.4.24-2.al7.x86_64
npm ERR! argv "/root/node-v6.11.3-linux-x64/bin/node" "/usr/local/bin/npm" "star                                                                                                              t"
npm ERR! node v6.11.3
npm ERR! npm  v3.10.10
npm ERR! code ELIFECYCLE
npm ERR! expressapp@0.0.0 start: `node ./bin/www`
npm ERR! Exit status 1
npm ERR!
npm ERR! Failed at the expressapp@0.0.0 start script 'node ./bin/www'.
npm ERR! Make sure you have the latest version of node.js and npm installed.
npm ERR! If you do, this is most likely a problem with the expressapp package,
npm ERR! not with npm itself.
npm ERR! Tell the author that this fails on your system:
npm ERR!     node ./bin/www
npm ERR! You can get information on how to open an issue for this project with:
npm ERR!     npm bugs expressapp
npm ERR! Or if that isn't available, you can get their info via:
npm ERR!     npm owner ls expressapp
npm ERR! There is likely additional logging output above.

npm ERR! Please include the following file with any support request:
npm ERR!     /root/novelServer/npm-debug.log
[root@jndpw novelServer]# netstat -anp|grep 80
tcp        0      0 172.17.195.74:60906     100.100.25.3:80         ESTABLISHED                                                                                                               1882/AliYunDun
unix  2      [ ]         DGRAM                    29338    3180/polkitd
unix  3      [ ]         STREAM     CONNECTED     29335    3180/polkitd
[root@jndpw novelServer]# netstat -anp|grep 3001
tcp6       0      0 :::3001                 :::*                    LISTEN                                                                                                                    3851/node
[root@jndpw novelServer]# netstat -anp|grep 3001
tcp6       0      0 :::3001                 :::*                    LISTEN      3851/node
[root@jndpw novelServer]# ^C
[root@jndpw novelServer]# ls
app.js  bin  libs  node_modules  novel  npm-debug.log  package.json  public  routes
[root@jndpw novelServer]# vim npm-debug.log
[root@jndpw novelServer]# ls -rtl
total 36
-rw-r--r--   1 root root 1583 Sep 30 10:30 app.js
drwxr-xr-x   2 root root 4096 Sep 30 10:30 bin
drwxr-xr-x 151 root root 4096 Sep 30 10:39 node_modules
drwxr-xr-x   2 root root 4096 Sep 30 10:39 novel
-rw-r--r--   1 root root  412 Sep 30 10:39 package.json
drwxr-xr-x   3 root root 4096 Sep 30 10:39 public
drwxr-xr-x   2 root root 4096 Sep 30 10:39 routes
drwxr-xr-x   2 root root 4096 Sep 30 15:31 libs
-rw-r--r--   1 root root 2784 Sep 30 16:09 npm-debug.log
[root@jndpw novelServer]# rm npm-debug.log
rm: remove regular file ‘npm-debug.log’? y
[root@jndpw novelServer]# ls
app.js  bin  libs  node_modules  novel  package.json  public  routes
[root@jndpw novelServer]# cat /etc/de
default/  depmod.d/
[root@jndpw novelServer]# cat /etc/de
default/  depmod.d/
[root@jndpw novelServer]# cat /etc/de
default/  depmod.d/
[root@jndpw novelServer]# cat /etc/issue
\S
Kernel \r on an \m

[root@jndpw novelServer]# cat /etc/issue
issue      issue.net
[root@jndpw novelServer]# cat /etc/issue
issue      issue.net
[root@jndpw novelServer]# cat /etc/issue.net
\S
Kernel \r on an \m
[root@jndpw novelServer]# cat /etc/issue
\S
Kernel \r on an \m

[root@jndpw novelServer]# cat /etc/redhat-
redhat-lsb/     redhat-release
[root@jndpw novelServer]# cat /etc/redhat-release
Alibaba Cloud Enterprise Linux Server release 17.01.2 (Golden Toad)
[root@jndpw novelServer]# uname -a
Linux jndpw 4.4.24-2.al7.x86_64 #1 SMP Wed Jan 4 17:23:01 CST 2017 x86_64 x86_64 x86_64 GNU/Linux
[root@jndpw novelServer]# cat /etc/issue
issue      issue.net
[root@jndpw novelServer]# cat /etc/issue
\S
Kernel \r on an \m

[root@jndpw novelServer]# apt-get install nginx
-bash: apt-get: command not found
[root@jndpw novelServer]# yum install nginx
Loaded plugins: fastestmirror, langpacks
base                                                                                | 2.9 kB  00:00:00
epel                                                                                | 4.3 kB  00:00:00
extras                                                                              | 2.9 kB  00:00:00
updates                                                                             | 2.9 kB  00:00:00
(1/6): epel/x86_64/group_gz                                                         | 170 kB  00:00:00
(2/6): extras/17.01/x86_64/primary_db                                               | 2.0 kB  00:00:00
(3/6): epel/x86_64/updateinfo                                                       | 831 kB  00:00:00
(4/6): updates/17.01/x86_64/primary_db                                              | 1.1 MB  00:00:00
(5/6): base/17.01/x86_64/primary_db                                                 | 6.0 MB  00:00:01
(6/6): epel/x86_64/primary_db                                                       | 4.8 MB  00:00:01
Determining fastest mirrors
Resolving Dependencies
--> Running transaction check
---> Package nginx.x86_64 1:1.10.2-1.el7 will be installed
--> Processing Dependency: nginx-filesystem = 1:1.10.2-1.el7 for package: 1:nginx-1.10.2-1.el7.x86_64
--> Processing Dependency: nginx-all-modules = 1:1.10.2-1.el7 for package: 1:nginx-1.10.2-1.el7.x86_64
--> Processing Dependency: nginx-filesystem for package: 1:nginx-1.10.2-1.el7.x86_64
--> Processing Dependency: libprofiler.so.0()(64bit) for package: 1:nginx-1.10.2-1.el7.x86_64
--> Running transaction check
---> Package gperftools-libs.x86_64 0:2.4-8.4.al7 will be installed
--> Processing Dependency: libunwind.so.8()(64bit) for package: gperftools-libs-2.4-8.4.al7.x86_64
---> Package nginx-all-modules.noarch 1:1.10.2-1.el7 will be installed
--> Processing Dependency: nginx-mod-stream = 1:1.10.2-1.el7 for package: 1:nginx-all-modules-1.10.2-1.el7.                                                                                   noarch
--> Processing Dependency: nginx-mod-mail = 1:1.10.2-1.el7 for package: 1:nginx-all-modules-1.10.2-1.el7.no                                                                                   arch
--> Processing Dependency: nginx-mod-http-xslt-filter = 1:1.10.2-1.el7 for package: 1:nginx-all-modules-1.1                                                                                   0.2-1.el7.noarch
--> Processing Dependency: nginx-mod-http-perl = 1:1.10.2-1.el7 for package: 1:nginx-all-modules-1.10.2-1.e                                                                                   l7.noarch
--> Processing Dependency: nginx-mod-http-image-filter = 1:1.10.2-1.el7 for package: 1:nginx-all-modules-1.                                                                                   10.2-1.el7.noarch
--> Processing Dependency: nginx-mod-http-geoip = 1:1.10.2-1.el7 for package: 1:nginx-all-modules-1.10.2-1.                                                                                   el7.noarch
---> Package nginx-filesystem.noarch 1:1.10.2-1.el7 will be installed
--> Running transaction check
---> Package libunwind.x86_64 2:1.1-5.4.al7.2 will be installed
---> Package nginx-mod-http-geoip.x86_64 1:1.10.2-1.el7 will be installed
---> Package nginx-mod-http-image-filter.x86_64 1:1.10.2-1.el7 will be installed
--> Processing Dependency: gd for package: 1:nginx-mod-http-image-filter-1.10.2-1.el7.x86_64
--> Processing Dependency: libgd.so.2()(64bit) for package: 1:nginx-mod-http-image-filter-1.10.2-1.el7.x86_                                                                                   64
---> Package nginx-mod-http-perl.x86_64 1:1.10.2-1.el7 will be installed
---> Package nginx-mod-http-xslt-filter.x86_64 1:1.10.2-1.el7 will be installed
--> Processing Dependency: libxslt.so.1(LIBXML2_1.0.18)(64bit) for package: 1:nginx-mod-http-xslt-filter-1.                                                                                   10.2-1.el7.x86_64
--> Processing Dependency: libxslt.so.1(LIBXML2_1.0.11)(64bit) for package: 1:nginx-mod-http-xslt-filter-1.                                                                                   10.2-1.el7.x86_64
--> Processing Dependency: libxslt.so.1()(64bit) for package: 1:nginx-mod-http-xslt-filter-1.10.2-1.el7.x86                                                                                   _64
--> Processing Dependency: libexslt.so.0()(64bit) for package: 1:nginx-mod-http-xslt-filter-1.10.2-1.el7.x8                                                                                   6_64
---> Package nginx-mod-mail.x86_64 1:1.10.2-1.el7 will be installed
---> Package nginx-mod-stream.x86_64 1:1.10.2-1.el7 will be installed
--> Running transaction check
---> Package gd.x86_64 0:2.0.35-26.1.al7 will be installed
--> Processing Dependency: libfontconfig.so.1()(64bit) for package: gd-2.0.35-26.1.al7.x86_64
--> Processing Dependency: libXpm.so.4()(64bit) for package: gd-2.0.35-26.1.al7.x86_64
---> Package libxslt.x86_64 0:1.1.28-5.1.al7 will be installed
--> Running transaction check
---> Package fontconfig.x86_64 0:2.10.95-10.4.al7 will be installed
--> Processing Dependency: fontpackages-filesystem for package: fontconfig-2.10.95-10.4.al7.x86_64
---> Package libXpm.x86_64 0:3.5.11-3.1.al7 will be installed
--> Running transaction check
---> Package fontpackages-filesystem.noarch 0:1.44-8.2.al7 will be installed
--> Finished Dependency Resolution

Dependencies Resolved

===========================================================================================================
 Package                               Arch             Version                       Repository      Size
===========================================================================================================
Installing:
 nginx                                 x86_64           1:1.10.2-1.el7                epel           505 k
Installing for dependencies:
 fontconfig                            x86_64           2.10.95-10.4.al7              base           229 k
 fontpackages-filesystem               noarch           1.44-8.2.al7                  base           9.9 k
 gd                                    x86_64           2.0.35-26.1.al7               base           146 k
 gperftools-libs                       x86_64           2.4-8.4.al7                   base           272 k
 libXpm                                x86_64           3.5.11-3.1.al7                base            54 k
 libunwind                             x86_64           2:1.1-5.4.al7.2               base            56 k
 libxslt                               x86_64           1.1.28-5.1.al7                base           242 k
 nginx-all-modules                     noarch           1:1.10.2-1.el7                epel            16 k
 nginx-filesystem                      noarch           1:1.10.2-1.el7                epel            17 k
 nginx-mod-http-geoip                  x86_64           1:1.10.2-1.el7                epel            23 k
 nginx-mod-http-image-filter           x86_64           1:1.10.2-1.el7                epel            26 k
 nginx-mod-http-perl                   x86_64           1:1.10.2-1.el7                epel            35 k
 nginx-mod-http-xslt-filter            x86_64           1:1.10.2-1.el7                epel            25 k
 nginx-mod-mail                        x86_64           1:1.10.2-1.el7                epel            53 k
 nginx-mod-stream                      x86_64           1:1.10.2-1.el7                epel            46 k

Transaction Summary
===========================================================================================================
Install  1 Package (+15 Dependent packages)

Total download size: 1.7 M
Installed size: 4.9 M
Is this ok [y/d/N]: y
Downloading packages:
(1/16): fontpackages-filesystem-1.44-8.2.al7.noarch.rpm                             | 9.9 kB  00:00:00
(2/16): fontconfig-2.10.95-10.4.al7.x86_64.rpm                                      | 229 kB  00:00:00
(3/16): gd-2.0.35-26.1.al7.x86_64.rpm                                               | 146 kB  00:00:00
(4/16): libXpm-3.5.11-3.1.al7.x86_64.rpm                                            |  54 kB  00:00:00
(5/16): libunwind-1.1-5.4.al7.2.x86_64.rpm                                          |  56 kB  00:00:00
(6/16): gperftools-libs-2.4-8.4.al7.x86_64.rpm                                      | 272 kB  00:00:00
(7/16): nginx-all-modules-1.10.2-1.el7.noarch.rpm                                   |  16 kB  00:00:00
(8/16): nginx-filesystem-1.10.2-1.el7.noarch.rpm                                    |  17 kB  00:00:00
(9/16): libxslt-1.1.28-5.1.al7.x86_64.rpm                                           | 242 kB  00:00:00
(10/16): nginx-mod-http-geoip-1.10.2-1.el7.x86_64.rpm                               |  23 kB  00:00:00
(11/16): nginx-mod-http-image-filter-1.10.2-1.el7.x86_64.rpm                        |  26 kB  00:00:00
(12/16): nginx-1.10.2-1.el7.x86_64.rpm                                              | 505 kB  00:00:00
(13/16): nginx-mod-http-perl-1.10.2-1.el7.x86_64.rpm                                |  35 kB  00:00:00
(14/16): nginx-mod-http-xslt-filter-1.10.2-1.el7.x86_64.rpm                         |  25 kB  00:00:00
(15/16): nginx-mod-mail-1.10.2-1.el7.x86_64.rpm                                     |  53 kB  00:00:00
(16/16): nginx-mod-stream-1.10.2-1.el7.x86_64.rpm                                   |  46 kB  00:00:00
-----------------------------------------------------------------------------------------------------------
Total                                                                      1.0 MB/s | 1.7 MB  00:00:01
Running transaction check
Running transaction test
Transaction test succeeded
Running transaction
  Installing : fontpackages-filesystem-1.44-8.2.al7.noarch                                            1/16
  Installing : fontconfig-2.10.95-10.4.al7.x86_64                                                     2/16
  Installing : 1:nginx-filesystem-1.10.2-1.el7.noarch                                                 3/16
  Installing : libxslt-1.1.28-5.1.al7.x86_64                                                          4/16
  Installing : 2:libunwind-1.1-5.4.al7.2.x86_64                                                       5/16
  Installing : gperftools-libs-2.4-8.4.al7.x86_64                                                     6/16
  Installing : libXpm-3.5.11-3.1.al7.x86_64                                                           7/16
  Installing : gd-2.0.35-26.1.al7.x86_64                                                              8/16
  Installing : 1:nginx-mod-http-xslt-filter-1.10.2-1.el7.x86_64                                       9/16
  Installing : 1:nginx-mod-http-perl-1.10.2-1.el7.x86_64                                             10/16
  Installing : 1:nginx-mod-mail-1.10.2-1.el7.x86_64                                                  11/16
  Installing : 1:nginx-mod-stream-1.10.2-1.el7.x86_64                                                12/16
  Installing : 1:nginx-mod-http-geoip-1.10.2-1.el7.x86_64                                            13/16
  Installing : 1:nginx-1.10.2-1.el7.x86_64                                                           14/16
  Installing : 1:nginx-mod-http-image-filter-1.10.2-1.el7.x86_64                                     15/16
  Installing : 1:nginx-all-modules-1.10.2-1.el7.noarch                                               16/16
  Verifying  : libXpm-3.5.11-3.1.al7.x86_64                                                           1/16
  Verifying  : gd-2.0.35-26.1.al7.x86_64                                                              2/16
  Verifying  : 1:nginx-mod-http-xslt-filter-1.10.2-1.el7.x86_64                                       3/16
  Verifying  : 1:nginx-mod-http-perl-1.10.2-1.el7.x86_64                                              4/16
  Verifying  : 1:nginx-mod-mail-1.10.2-1.el7.x86_64                                                   5/16
  Verifying  : gperftools-libs-2.4-8.4.al7.x86_64                                                     6/16
  Verifying  : 2:libunwind-1.1-5.4.al7.2.x86_64                                                       7/16
  Verifying  : 1:nginx-mod-http-image-filter-1.10.2-1.el7.x86_64                                      8/16
  Verifying  : 1:nginx-mod-stream-1.10.2-1.el7.x86_64                                                 9/16
  Verifying  : 1:nginx-all-modules-1.10.2-1.el7.noarch                                               10/16
  Verifying  : libxslt-1.1.28-5.1.al7.x86_64                                                         11/16
  Verifying  : 1:nginx-1.10.2-1.el7.x86_64                                                           12/16
  Verifying  : 1:nginx-filesystem-1.10.2-1.el7.noarch                                                13/16
  Verifying  : fontconfig-2.10.95-10.4.al7.x86_64                                                    14/16
  Verifying  : 1:nginx-mod-http-geoip-1.10.2-1.el7.x86_64                                            15/16
  Verifying  : fontpackages-filesystem-1.44-8.2.al7.noarch                                           16/16

Installed:
  nginx.x86_64 1:1.10.2-1.el7

Dependency Installed:
  fontconfig.x86_64 0:2.10.95-10.4.al7                   fontpackages-filesystem.noarch 0:1.44-8.2.al7
  gd.x86_64 0:2.0.35-26.1.al7                            gperftools-libs.x86_64 0:2.4-8.4.al7
  libXpm.x86_64 0:3.5.11-3.1.al7                         libunwind.x86_64 2:1.1-5.4.al7.2
  libxslt.x86_64 0:1.1.28-5.1.al7                        nginx-all-modules.noarch 1:1.10.2-1.el7
  nginx-filesystem.noarch 1:1.10.2-1.el7                 nginx-mod-http-geoip.x86_64 1:1.10.2-1.el7
  nginx-mod-http-image-filter.x86_64 1:1.10.2-1.el7      nginx-mod-http-perl.x86_64 1:1.10.2-1.el7
  nginx-mod-http-xslt-filter.x86_64 1:1.10.2-1.el7       nginx-mod-mail.x86_64 1:1.10.2-1.el7
  nginx-mod-stream.x86_64 1:1.10.2-1.el7

Complete!
[root@jndpw novelServer]# ps -ef |grep nginx
root      4008  3738  0 16:33 pts/1    00:00:00 grep --color=auto nginx
[root@jndpw novelServer]# cd /etc/nginx/
[root@jndpw nginx]# ls
conf.d                fastcgi_params          mime.types          scgi_params           win-utf
default.d             fastcgi_params.default  mime.types.default  scgi_params.default
fastcgi.conf          koi-utf                 nginx.conf          uwsgi_params
fastcgi.conf.default  koi-win                 nginx.conf.default  uwsgi_params.default
[root@jndpw nginx]# cd conf.d/
[root@jndpw conf.d]# ls
[root@jndpw conf.d]# cd ../
[root@jndpw nginx]# ls
conf.d                fastcgi_params          mime.types          scgi_params           win-utf
default.d             fastcgi_params.default  mime.types.default  scgi_params.default
fastcgi.conf          koi-utf                 nginx.conf          uwsgi_params
fastcgi.conf.default  koi-win                 nginx.conf.default  uwsgi_params.default
[root@jndpw nginx]# cd default.d/
[root@jndpw default.d]# ;s
-bash: syntax error near unexpected token `;'
[root@jndpw default.d]# ls
[root@jndpw default.d]# ls
[root@jndpw default.d]# cd ../
[root@jndpw nginx]# ls
conf.d                fastcgi_params          mime.types          scgi_params           win-utf
default.d             fastcgi_params.default  mime.types.default  scgi_params.default
fastcgi.conf          koi-utf                 nginx.conf          uwsgi_params
fastcgi.conf.default  koi-win                 nginx.conf.default  uwsgi_params.default
[root@jndpw nginx]# vim nginx.conf.default
[root@jndpw nginx]# cp nginx.conf
cp: missing destination file operand after ‘nginx.conf’
Try 'cp --help' for more information.
[root@jndpw nginx]# vim nginx.conf
[root@jndpw nginx]# ls
conf.d                fastcgi_params          mime.types          scgi_params           win-utf
default.d             fastcgi_params.default  mime.types.default  scgi_params.default
fastcgi.conf          koi-utf                 nginx.conf          uwsgi_params
fastcgi.conf.default  koi-win                 nginx.conf.default  uwsgi_params.default
[root@jndpw nginx]# vim nginx.conf
[root@jndpw nginx]# ls
conf.d                fastcgi_params          mime.types          scgi_params           win-utf
default.d             fastcgi_params.default  mime.types.default  scgi_params.default
fastcgi.conf          koi-utf                 nginx.conf          uwsgi_params
fastcgi.conf.default  koi-win                 nginx.conf.default  uwsgi_params.default
[root@jndpw nginx]# cp nginx.conf.default  default.d/mynginx
[root@jndpw nginx]# cd default.d/
[root@jndpw default.d]# vim mynginx
[root@jndpw default.d]# service nginx start
Redirecting to /bin/systemctl start  nginx.service
[root@jndpw default.d]# netstat -na |grep 80
tcp        0      0 0.0.0.0:80              0.0.0.0:*               LISTEN
tcp        0      0 172.17.195.74:60906     100.100.25.3:80         ESTABLISHED
tcp6       0      0 :::80                   :::*                    LISTEN
[root@jndpw default.d]# netstat -pna |grep 80
tcp        0      0 0.0.0.0:80              0.0.0.0:*               LISTEN      4149/nginx: master
tcp        0      0 172.17.195.74:60906     100.100.25.3:80         ESTABLISHED 1882/AliYunDun
tcp6       0      0 :::80                   :::*                    LISTEN      4149/nginx: master
unix  2      [ ]         DGRAM                    29338    3180/polkitd
unix  3      [ ]         STREAM     CONNECTED     29335    3180/polkitd
[root@jndpw default.d]# vim mynginx
[root@jndpw default.d]# vim mynginx
[root@jndpw default.d]# cd
[root@jndpw ~]# ls
mysql-5.7.19-linux-glibc2.12-x86_64         node-v6.11.3-linux-x64         novelServer
mysql-5.7.19-linux-glibc2.12-x86_64.tar.gz  node-v6.11.3-linux-x64.tar.xz
[root@jndpw ~]# cd novelServer/
[root@jndpw novelServer]# l
-bash: l: command not found
[root@jndpw novelServer]# ls
app.js  bin  libs  node_modules  novel  package.json  public  routes
[root@jndpw novelServer]# cd public/
[root@jndpw public]# ls
asset-manifest.json  static  theIndex.html  theIndexTest.html
[root@jndpw public]# vim /etc/nginx/default.d/mynginx
[root@jndpw public]# pwd
/root/novelServer/public
[root@jndpw public]# ls
asset-manifest.json  static  theIndex.html  theIndexTest.html
[root@jndpw public]# vim /etc/nginx/default.d/mynginx
[root@jndpw public]# vim /etc/nginx/default.d/mynginx
[root@jndpw public]# service nginx restart
Redirecting to /bin/systemctl restart  nginx.service
[root@jndpw public]# netstat -nap |grep 80
tcp        0      0 0.0.0.0:80              0.0.0.0:*               LISTEN      4253/nginx: master
tcp        0      0 172.17.195.74:60906     100.100.25.3:80         ESTABLISHED 1882/AliYunDun
tcp6       0      0 :::80                   :::*                    LISTEN      4253/nginx: master
unix  2      [ ]         DGRAM                    29338    3180/polkitd
unix  3      [ ]         STREAM     CONNECTED     29335    3180/polkitd
[root@jndpw public]# ls
asset-manifest.json  static  theIndex.html  theIndexTest.html
[root@jndpw public]# vim /etc/nginx/default.d/mynginx
[root@jndpw public]# cd  /var/log/nginx/
[root@jndpw nginx]# ls
access.log  error.log
[root@jndpw nginx]# ls =rtl
ls: cannot access =rtl: No such file or directory
[root@jndpw nginx]# ls -rlt
total 8
-rw-r--r-- 1 root root  471 Sep 30 16:48 error.log
-rw-r--r-- 1 root root 2059 Sep 30 16:48 access.log
[root@jndpw nginx]# tail -f access.log
183.156.48.235 - - [30/Sep/2017:16:39:53 +0800] "GET / HTTP/1.1" 200 3700 "-" "Mozilla/5.0 (Windows NT 6.1;                                                                                    Win64; x64) AppleWebKit/537.36 (KHTML, like Gecko) Chrome/61.0.3163.100 Safari/537.36" "-"
183.156.48.235 - - [30/Sep/2017:16:39:54 +0800] "GET /nginx-logo.png HTTP/1.1" 200 368 "http://47.94.154.24                                                                                   1/" "Mozilla/5.0 (Windows NT 6.1; Win64; x64) AppleWebKit/537.36 (KHTML, like Gecko) Chrome/61.0.3163.100 S                                                                                   afari/537.36" "-"
183.156.48.235 - - [30/Sep/2017:16:39:54 +0800] "GET /poweredby.png HTTP/1.1" 200 2811 "http://47.94.154.24                                                                                   1/" "Mozilla/5.0 (Windows NT 6.1; Win64; x64) AppleWebKit/537.36 (KHTML, like Gecko) Chrome/61.0.3163.100 S                                                                                   afari/537.36" "-"
183.156.48.235 - - [30/Sep/2017:16:39:54 +0800] "GET /favicon.ico HTTP/1.1" 404 3650 "http://47.94.154.241/                                                                                   " "Mozilla/5.0 (Windows NT 6.1; Win64; x64) AppleWebKit/537.36 (KHTML, like Gecko) Chrome/61.0.3163.100 Saf                                                                                   ari/537.36" "-"
183.156.48.235 - - [30/Sep/2017:16:43:53 +0800] "GET /nginx-logo.png HTTP/1.1" 200 368 "http://47.94.154.24                                                                                   1/" "Mozilla/5.0 (Windows NT 6.1; Win64; x64) AppleWebKit/537.36 (KHTML, like Gecko) Chrome/61.0.3163.100 S                                                                                   afari/537.36" "-"
183.156.48.235 - - [30/Sep/2017:16:43:53 +0800] "GET /poweredby.png HTTP/1.1" 200 2811 "http://47.94.154.24                                                                                   1/" "Mozilla/5.0 (Windows NT 6.1; Win64; x64) AppleWebKit/537.36 (KHTML, like Gecko) Chrome/61.0.3163.100 S                                                                                   afari/537.36" "-"
183.156.48.235 - - [30/Sep/2017:16:48:09 +0800] "GET /theIndex.html HTTP/1.1" 404 3650 "-" "Mozilla/5.0 (Wi                                                                                   ndows NT 6.1; Win64; x64) AppleWebKit/537.36 (KHTML, like Gecko) Chrome/61.0.3163.100 Safari/537.36" "-"
183.156.48.235 - - [30/Sep/2017:16:48:09 +0800] "GET /nginx-logo.png HTTP/1.1" 200 368 "http://47.94.154.24                                                                                   1/theIndex.html" "Mozilla/5.0 (Windows NT 6.1; Win64; x64) AppleWebKit/537.36 (KHTML, like Gecko) Chrome/61                                                                                   .0.3163.100 Safari/537.36" "-"
183.156.48.235 - - [30/Sep/2017:16:48:09 +0800] "GET /poweredby.png HTTP/1.1" 200 2811 "http://47.94.154.24                                                                                   1/theIndex.html" "Mozilla/5.0 (Windows NT 6.1; Win64; x64) AppleWebKit/537.36 (KHTML, like Gecko) Chrome/61                                                                                   .0.3163.100 Safari/537.36" "-"
























183.156.48.235 - - [30/Sep/2017:16:50:04 +0800] "GET /nginx-logo.png HTTP/1.1" 200 368 "http://47.94.154.24                                                                                   1/" "Mozilla/5.0 (Windows NT 6.1; Win64; x64) AppleWebKit/537.36 (KHTML, like Gecko) Chrome/61.0.3163.100 S                                                                                   afari/537.36" "-"
183.156.48.235 - - [30/Sep/2017:16:50:04 +0800] "GET /poweredby.png HTTP/1.1" 200 2811 "http://47.94.154.24                                                                                   1/" "Mozilla/5.0 (Windows NT 6.1; Win64; x64) AppleWebKit/537.36 (KHTML, like Gecko) Chrome/61.0.3163.100 S                                                                                   afari/537.36" "-"
183.156.48.235 - - [30/Sep/2017:16:50:10 +0800] "GET / HTTP/1.1" 304 0 "-" "Mozilla/5.0 (Windows NT 6.1; Wi                                                                                   n64; x64) AppleWebKit/537.36 (KHTML, like Gecko) Chrome/61.0.3163.100 Safari/537.36" "-"
183.156.48.235 - - [30/Sep/2017:16:50:10 +0800] "GET /nginx-logo.png HTTP/1.1" 200 368 "http://47.94.154.24                                                                                   1/" "Mozilla/5.0 (Windows NT 6.1; Win64; x64) AppleWebKit/537.36 (KHTML, like Gecko) Chrome/61.0.3163.100 S                                                                                   afari/537.36" "-"
183.156.48.235 - - [30/Sep/2017:16:50:10 +0800] "GET /poweredby.png HTTP/1.1" 200 2811 "http://47.94.154.24                                                                                   1/" "Mozilla/5.0 (Windows NT 6.1; Win64; x64) AppleWebKit/537.36 (KHTML, like Gecko) Chrome/61.0.3163.100 S                                                                                   afari/537.36" "-"









183.156.48.235 - - [30/Sep/2017:16:50:17 +0800] "GET / HTTP/1.1" 200 3700 "-" "Mozilla/5.0 (Windows NT 6.1;                                                                                    Win64; x64) AppleWebKit/537.36 (KHTML, like Gecko) Chrome/61.0.3163.100 Safari/537.36" "-"
183.156.48.235 - - [30/Sep/2017:16:50:17 +0800] "GET /nginx-logo.png HTTP/1.1" 200 368 "http://47.94.154.24                                                                                   1/" "Mozilla/5.0 (Windows NT 6.1; Win64; x64) AppleWebKit/537.36 (KHTML, like Gecko) Chrome/61.0.3163.100 S                                                                                   afari/537.36" "-"
183.156.48.235 - - [30/Sep/2017:16:50:17 +0800] "GET /poweredby.png HTTP/1.1" 200 2811 "http://47.94.154.24                                                                                   1/" "Mozilla/5.0 (Windows NT 6.1; Win64; x64) AppleWebKit/537.36 (KHTML, like Gecko) Chrome/61.0.3163.100 S                                                                                   afari/537.36" "-"
c^C
[root@jndpw nginx]#
[root@jndpw nginx]#
[root@jndpw nginx]# tail -f error.log
2017/09/30 16:39:54 [error] 4150#0: *2 open() "/usr/share/nginx/html/favicon.ico" failed (2: No such file or directory), client: 183.156.48.235, server: _, request: "GET /favicon.ico HTTP/1.1", host: "47.94.154.241", referrer: "http://47.94.154.241/"
2017/09/30 16:48:09 [error] 4254#0: *1 open() "/usr/share/nginx/html/theIndex.html" failed (2: No such file or directory), client: 183.156.48.235, server: _, request: "GET /theIndex.html HTTP/1.1", host: "47.94.154.241"
^C
[root@jndpw nginx]#
[root@jndpw nginx]#
[root@jndpw nginx]#
[root@jndpw nginx]# ls
access.log  error.log
[root@jndpw nginx]# cd /etc/nig
-bash: cd: /etc/nig: No such file or directory
[root@jndpw nginx]# cd /etc/nginx/
[root@jndpw nginx]# ls
conf.d     fastcgi.conf          fastcgi_params          koi-utf  mime.types          nginx.conf          scgi_params          uwsgi_params          win-utf
default.d  fastcgi.conf.default  fastcgi_params.default  koi-win  mime.types.default  nginx.conf.default  scgi_params.default  uwsgi_params.default
[root@jndpw nginx]# grep -r -P "/usr/share/nginx/"
nginx.conf:# Load dynamic modules. See /usr/share/nginx/README.dynamic.
nginx.conf:include /usr/share/nginx/modules/*.conf;
nginx.conf:        root         /usr/share/nginx/html;
nginx.conf:#        root         /usr/share/nginx/html;
[root@jndpw nginx]# vim nginx.conf
[root@jndpw nginx]# service nginx restart
Redirecting to /bin/systemctl restart  nginx.service
[root@jndpw nginx]# cd /var/log/nginx/
[root@jndpw nginx]# ls
access.log  error.log
[root@jndpw nginx]# tail -f error.log
2017/09/30 16:39:54 [error] 4150#0: *2 open() "/usr/share/nginx/html/favicon.ico" failed (2: No such file o                                                                                   r directory), client: 183.156.48.235, server: _, request: "GET /favicon.ico HTTP/1.1", host: "47.94.154.241                                                                                   ", referrer: "http://47.94.154.241/"
2017/09/30 16:48:09 [error] 4254#0: *1 open() "/usr/share/nginx/html/theIndex.html" failed (2: No such file                                                                                    or directory), client: 183.156.48.235, server: _, request: "GET /theIndex.html HTTP/1.1", host: "47.94.154                                                                                   .241"










^C
[root@jndpw nginx]#
[root@jndpw nginx]#
[root@jndpw nginx]# ls -rtl
total 16
-rw-r--r-- 1 root root  471 Sep 30 16:48 error.log
-rw-r--r-- 1 root root 8622 Sep 30 16:54 access.log
[root@jndpw nginx]# tail -f access.log
183.156.48.235 - - [30/Sep/2017:16:54:01 +0800] "GET /poweredby.png HTTP/1.1" 200 2811 "http://47.94.154.24                                                                                   1/" "Mozilla/5.0 (Windows NT 6.1; Win64; x64) AppleWebKit/537.36 (KHTML, like Gecko) Chrome/61.0.3163.100 S                                                                                   afari/537.36" "-"
183.156.48.235 - - [30/Sep/2017:16:54:04 +0800] "GET / HTTP/1.1" 200 3700 "-" "Mozilla/5.0 (Windows NT 6.1;                                                                                    Win64; x64) AppleWebKit/537.36 (KHTML, like Gecko) Chrome/61.0.3163.100 Safari/537.36" "-"
183.156.48.235 - - [30/Sep/2017:16:54:04 +0800] "GET /nginx-logo.png HTTP/1.1" 200 368 "http://47.94.154.24                                                                                   1/" "Mozilla/5.0 (Windows NT 6.1; Win64; x64) AppleWebKit/537.36 (KHTML, like Gecko) Chrome/61.0.3163.100 S                                                                                   afari/537.36" "-"
183.156.48.235 - - [30/Sep/2017:16:54:04 +0800] "GET /poweredby.png HTTP/1.1" 200 2811 "http://47.94.154.24                                                                                   1/" "Mozilla/5.0 (Windows NT 6.1; Win64; x64) AppleWebKit/537.36 (KHTML, like Gecko) Chrome/61.0.3163.100 S                                                                                   afari/537.36" "-"
183.156.48.235 - - [30/Sep/2017:16:54:04 +0800] "GET / HTTP/1.1" 200 3700 "-" "Mozilla/5.0 (Windows NT 6.1;                                                                                    Win64; x64) AppleWebKit/537.36 (KHTML, like Gecko) Chrome/61.0.3163.100 Safari/537.36" "-"
183.156.48.235 - - [30/Sep/2017:16:54:04 +0800] "GET /nginx-logo.png HTTP/1.1" 200 368 "http://47.94.154.24                                                                                   1/" "Mozilla/5.0 (Windows NT 6.1; Win64; x64) AppleWebKit/537.36 (KHTML, like Gecko) Chrome/61.0.3163.100 S                                                                                   afari/537.36" "-"
183.156.48.235 - - [30/Sep/2017:16:54:04 +0800] "GET /poweredby.png HTTP/1.1" 200 2811 "http://47.94.154.24                                                                                   1/" "Mozilla/5.0 (Windows NT 6.1; Win64; x64) AppleWebKit/537.36 (KHTML, like Gecko) Chrome/61.0.3163.100 S                                                                                   afari/537.36" "-"
183.156.48.235 - - [30/Sep/2017:16:54:09 +0800] "GET / HTTP/1.1" 200 3700 "-" "Mozilla/5.0 (Windows NT 6.1;                                                                                    Win64; x64) AppleWebKit/537.36 (KHTML, like Gecko) Chrome/61.0.3163.100 Safari/537.36" "-"
183.156.48.235 - - [30/Sep/2017:16:54:09 +0800] "GET /nginx-logo.png HTTP/1.1" 200 368 "http://47.94.154.24                                                                                   1/" "Mozilla/5.0 (Windows NT 6.1; Win64; x64) AppleWebKit/537.36 (KHTML, like Gecko) Chrome/61.0.3163.100 S                                                                                   afari/537.36" "-"
183.156.48.235 - - [30/Sep/2017:16:54:09 +0800] "GET /poweredby.png HTTP/1.1" 200 2811 "http://47.94.154.24                                                                                   1/" "Mozilla/5.0 (Windows NT 6.1; Win64; x64) AppleWebKit/537.36 (KHTML, like Gecko) Chrome/61.0.3163.100 S                                                                                   afari/537.36" "-"

























183.156.48.235 - - [30/Sep/2017:16:54:35 +0800] "GET / HTTP/1.1" 200 3700 "-" "Mozilla/5.0 (Windows NT 6.1;                                                                                    Win64; x64) AppleWebKit/537.36 (KHTML, like Gecko) Chrome/61.0.3163.100 Safari/537.36" "-"
183.156.48.235 - - [30/Sep/2017:16:54:35 +0800] "GET /nginx-logo.png HTTP/1.1" 200 368 "http://47.94.154.24                                                                                   1/" "Mozilla/5.0 (Windows NT 6.1; Win64; x64) AppleWebKit/537.36 (KHTML, like Gecko) Chrome/61.0.3163.100 S                                                                                   afari/537.36" "-"
183.156.48.235 - - [30/Sep/2017:16:54:35 +0800] "GET /poweredby.png HTTP/1.1" 200 2811 "http://47.94.154.24                                                                                   1/" "Mozilla/5.0 (Windows NT 6.1; Win64; x64) AppleWebKit/537.36 (KHTML, like Gecko) Chrome/61.0.3163.100 S                                                                                   afari/537.36" "-"
^C
[root@jndpw nginx]# ls
access.log  error.log
[root@jndpw nginx]# cd /etc/nginx/
[root@jndpw nginx]# ls
conf.d                fastcgi_params          mime.types          scgi_params           win-utf
default.d             fastcgi_params.default  mime.types.default  scgi_params.default
fastcgi.conf          koi-utf                 nginx.conf          uwsgi_params
fastcgi.conf.default  koi-win                 nginx.conf.default  uwsgi_params.default
[root@jndpw nginx]# cd default.d/
[root@jndpw default.d]# ls
mynginx
[root@jndpw default.d]# cd ../
[root@jndpw nginx]# vim nginx.conf
[root@jndpw nginx]# cd conf.d/
[root@jndpw conf.d]# ls
[root@jndpw conf.d]# ls
[root@jndpw conf.d]# cd ../
[root@jndpw nginx]# ls
conf.d                fastcgi_params          mime.types          scgi_params           win-utf
default.d             fastcgi_params.default  mime.types.default  scgi_params.default
fastcgi.conf          koi-utf                 nginx.conf          uwsgi_params
fastcgi.conf.default  koi-win                 nginx.conf.default  uwsgi_params.default
[root@jndpw nginx]# cd default.d/
[root@jndpw default.d]# ls
mynginx
[root@jndpw default.d]# mv mynginx  ../conf.d/
[root@jndpw default.d]# service nginx restart
Redirecting to /bin/systemctl restart  nginx.service
[root@jndpw default.d]# cd /var/log/nginx/
[root@jndpw nginx]# ls -rtl
total 16
-rw-r--r-- 1 root root   471 Sep 30 16:48 error.log
-rw-r--r-- 1 root root 11274 Sep 30 16:55 access.log
[root@jndpw nginx]# tail -f access.log
183.156.48.235 - - [30/Sep/2017:16:54:35 +0800] "GET /poweredby.png HTTP/1.1" 200 2811 "http://47.94.154.24                                                                                   1/" "Mozilla/5.0 (Windows NT 6.1; Win64; x64) AppleWebKit/537.36 (KHTML, like Gecko) Chrome/61.0.3163.100 S                                                                                   afari/537.36" "-"
183.156.48.235 - - [30/Sep/2017:16:55:49 +0800] "GET / HTTP/1.1" 200 3700 "-" "Mozilla/5.0 (Windows NT 6.1;                                                                                    Win64; x64) AppleWebKit/537.36 (KHTML, like Gecko) Chrome/61.0.3163.100 Safari/537.36" "-"
183.156.48.235 - - [30/Sep/2017:16:55:49 +0800] "GET /nginx-logo.png HTTP/1.1" 200 368 "http://47.94.154.24                                                                                   1/" "Mozilla/5.0 (Windows NT 6.1; Win64; x64) AppleWebKit/537.36 (KHTML, like Gecko) Chrome/61.0.3163.100 S                                                                                   afari/537.36" "-"
183.156.48.235 - - [30/Sep/2017:16:55:49 +0800] "GET /poweredby.png HTTP/1.1" 200 2811 "http://47.94.154.24                                                                                   1/" "Mozilla/5.0 (Windows NT 6.1; Win64; x64) AppleWebKit/537.36 (KHTML, like Gecko) Chrome/61.0.3163.100 S                                                                                   afari/537.36" "-"
183.156.48.235 - - [30/Sep/2017:16:55:50 +0800] "GET / HTTP/1.1" 200 3700 "-" "Mozilla/5.0 (Windows NT 6.1;                                                                                    Win64; x64) AppleWebKit/537.36 (KHTML, like Gecko) Chrome/61.0.3163.100 Safari/537.36" "-"
183.156.48.235 - - [30/Sep/2017:16:55:50 +0800] "GET /nginx-logo.png HTTP/1.1" 200 368 "http://47.94.154.24                                                                                   1/" "Mozilla/5.0 (Windows NT 6.1; Win64; x64) AppleWebKit/537.36 (KHTML, like Gecko) Chrome/61.0.3163.100 S                                                                                   afari/537.36" "-"
183.156.48.235 - - [30/Sep/2017:16:55:50 +0800] "GET /poweredby.png HTTP/1.1" 200 2811 "http://47.94.154.24                                                                                   1/" "Mozilla/5.0 (Windows NT 6.1; Win64; x64) AppleWebKit/537.36 (KHTML, like Gecko) Chrome/61.0.3163.100 S                                                                                   afari/537.36" "-"
183.156.48.235 - - [30/Sep/2017:16:55:51 +0800] "GET / HTTP/1.1" 200 3700 "-" "Mozilla/5.0 (Windows NT 6.1;                                                                                    Win64; x64) AppleWebKit/537.36 (KHTML, like Gecko) Chrome/61.0.3163.100 Safari/537.36" "-"
183.156.48.235 - - [30/Sep/2017:16:55:51 +0800] "GET /nginx-logo.png HTTP/1.1" 200 368 "http://47.94.154.24                                                                                   1/" "Mozilla/5.0 (Windows NT 6.1; Win64; x64) AppleWebKit/537.36 (KHTML, like Gecko) Chrome/61.0.3163.100 S                                                                                   afari/537.36" "-"
183.156.48.235 - - [30/Sep/2017:16:55:51 +0800] "GET /poweredby.png HTTP/1.1" 200 2811 "http://47.94.154.24                                                                                   1/" "Mozilla/5.0 (Windows NT 6.1; Win64; x64) AppleWebKit/537.36 (KHTML, like Gecko) Chrome/61.0.3163.100 S                                                                                   afari/537.36" "-"













183.156.48.235 - - [30/Sep/2017:16:56:06 +0800] "GET / HTTP/1.1" 200 3700 "-" "Mozilla/5.0 (Windows NT 6.1;                                                                                    Win64; x64) AppleWebKit/537.36 (KHTML, like Gecko) Chrome/61.0.3163.100 Safari/537.36" "-"
183.156.48.235 - - [30/Sep/2017:16:56:06 +0800] "GET /nginx-logo.png HTTP/1.1" 200 368 "http://47.94.154.24                                                                                   1/" "Mozilla/5.0 (Windows NT 6.1; Win64; x64) AppleWebKit/537.36 (KHTML, like Gecko) Chrome/61.0.3163.100 S                                                                                   afari/537.36" "-"
183.156.48.235 - - [30/Sep/2017:16:56:06 +0800] "GET /poweredby.png HTTP/1.1" 200 2811 "http://47.94.154.24                                                                                   1/" "Mozilla/5.0 (Windows NT 6.1; Win64; x64) AppleWebKit/537.36 (KHTML, like Gecko) Chrome/61.0.3163.100 S                                                                                   afari/537.36" "-"
^C
[root@jndpw nginx]# ls
access.log  error.log
[root@jndpw nginx]# cd /etc/nginx/conf.d/
[root@jndpw conf.d]# ls
mynginx
[root@jndpw conf.d]# vim mynginx
[root@jndpw conf.d]# service nginx restart
Redirecting to /bin/systemctl restart  nginx.service
[root@jndpw conf.d]# cd ../
[root@jndpw nginx]# vim nginx.conf
[root@jndpw nginx]# cd conf.d/
[root@jndpw conf.d]# ls
mynginx
[root@jndpw conf.d]# mv mynginx  mynginx.conf
[root@jndpw conf.d]# service nginx restart
Redirecting to /bin/systemctl restart  nginx.service
Job for nginx.service failed because the control process exited with error code. See "systemctl status ngin                                                                                   x.service" and "journalctl -xe" for details.
[root@jndpw conf.d]# cd ../
[root@jndpw nginx]# ls
conf.d                fastcgi_params          mime.types          scgi_params           win-utf
default.d             fastcgi_params.default  mime.types.default  scgi_params.default
fastcgi.conf          koi-utf                 nginx.conf          uwsgi_params
fastcgi.conf.default  koi-win                 nginx.conf.default  uwsgi_params.default
[root@jndpw nginx]# cd conf.d/
[root@jndpw conf.d]# ls
mynginx.conf
[root@jndpw conf.d]# vim mynginx.conf
[root@jndpw conf.d]# service nginx restart
Redirecting to /bin/systemctl restart  nginx.service
Job for nginx.service failed because the control process exited with error code. See "systemctl status ngin                                                                                   x.service" and "journalctl -xe" for details.
[root@jndpw conf.d]# systemctl status ngin                                                                                   x.service
Unit ngin.service could not be found.
Unit x.service could not be found.
[root@jndpw conf.d]# systemctl status ngin                                                                                   x.servicex
Unit ngin.service could not be found.
Unit x.servicex.service could not be found.
[root@jndpw conf.d]# systemctl status nginx.service
● nginx.service - The nginx HTTP and reverse proxy server
   Loaded: loaded (/usr/lib/systemd/system/nginx.service; disabled; vendor preset: disabled)
   Active: failed (Result: exit-code) since Sat 2017-09-30 16:59:37 CST; 45s ago
  Process: 4459 ExecStart=/usr/sbin/nginx (code=exited, status=0/SUCCESS)
  Process: 4551 ExecStartPre=/usr/sbin/nginx -t (code=exited, status=1/FAILURE)
  Process: 4548 ExecStartPre=/usr/bin/rm -f /run/nginx.pid (code=exited, status=0/SUCCESS)
 Main PID: 4462 (code=exited, status=0/SUCCESS)

Sep 30 16:59:37 jndpw systemd[1]: Starting The nginx HTTP and reverse proxy server...
Sep 30 16:59:37 jndpw nginx[4551]: nginx: [emerg] "worker_processes" directive is not allowed here in /etc/nginx/conf.d/mynginx.conf:3
Sep 30 16:59:37 jndpw nginx[4551]: nginx: configuration file /etc/nginx/nginx.conf test failed
Sep 30 16:59:37 jndpw systemd[1]: nginx.service: control process exited, code=exited status=1
Sep 30 16:59:37 jndpw systemd[1]: Failed to start The nginx HTTP and reverse proxy server.
Sep 30 16:59:37 jndpw systemd[1]: Unit nginx.service entered failed state.
Sep 30 16:59:37 jndpw systemd[1]: nginx.service failed.
[root@jndpw conf.d]# vim mynginx.conf
[root@jndpw conf.d]# service nginx restart
Redirecting to /bin/systemctl restart  nginx.service
Job for nginx.service failed because the control process exited with error code. See "systemctl status nginx.service" and "journalctl -xe" for details.
[root@jndpw conf.d]# systemctl status nginx.service
● nginx.service - The nginx HTTP and reverse proxy server
   Loaded: loaded (/usr/lib/systemd/system/nginx.service; disabled; vendor preset: disabled)
   Active: failed (Result: exit-code) since Sat 2017-09-30 17:01:07 CST; 4s ago
  Process: 4459 ExecStart=/usr/sbin/nginx (code=exited, status=0/SUCCESS)
  Process: 4605 ExecStartPre=/usr/sbin/nginx -t (code=exited, status=1/FAILURE)
  Process: 4602 ExecStartPre=/usr/bin/rm -f /run/nginx.pid (code=exited, status=0/SUCCESS)
 Main PID: 4462 (code=exited, status=0/SUCCESS)

Sep 30 17:01:07 jndpw systemd[1]: Starting The nginx HTTP and reverse proxy server...
Sep 30 17:01:07 jndpw nginx[4605]: nginx: [emerg] "events" directive is not allowed here in /etc/nginx/conf.d/mynginx.conf:12
Sep 30 17:01:07 jndpw nginx[4605]: nginx: configuration file /etc/nginx/nginx.conf test failed
Sep 30 17:01:07 jndpw systemd[1]: nginx.service: control process exited, code=exited status=1
Sep 30 17:01:07 jndpw systemd[1]: Failed to start The nginx HTTP and reverse proxy server.
Sep 30 17:01:07 jndpw systemd[1]: Unit nginx.service entered failed state.
Sep 30 17:01:07 jndpw systemd[1]: nginx.service failed.
[root@jndpw conf.d]# vim mynginx.conf
[root@jndpw conf.d]# service nginx restart
Redirecting to /bin/systemctl restart  nginx.service
Job for nginx.service failed because the control process exited with error code. See "systemctl status nginx.service" and "journalctl -xe" for details.
[root@jndpw conf.d]# systemctl status nginx.service
● nginx.service - The nginx HTTP and reverse proxy server
   Loaded: loaded (/usr/lib/systemd/system/nginx.service; disabled; vendor preset: disabled)
   Active: failed (Result: exit-code) since Sat 2017-09-30 17:01:34 CST; 2s ago
  Process: 4459 ExecStart=/usr/sbin/nginx (code=exited, status=0/SUCCESS)
  Process: 4633 ExecStartPre=/usr/sbin/nginx -t (code=exited, status=1/FAILURE)
  Process: 4630 ExecStartPre=/usr/bin/rm -f /run/nginx.pid (code=exited, status=0/SUCCESS)
 Main PID: 4462 (code=exited, status=0/SUCCESS)

Sep 30 17:01:34 jndpw systemd[1]: Starting The nginx HTTP and reverse proxy server...
Sep 30 17:01:34 jndpw nginx[4633]: nginx: [emerg] "http" directive is not allowed here in /etc/nginx/conf.d/mynginx.conf:17
Sep 30 17:01:34 jndpw nginx[4633]: nginx: configuration file /etc/nginx/nginx.conf test failed
Sep 30 17:01:34 jndpw systemd[1]: nginx.service: control process exited, code=exited status=1
Sep 30 17:01:34 jndpw systemd[1]: Failed to start The nginx HTTP and reverse proxy server.
Sep 30 17:01:34 jndpw systemd[1]: Unit nginx.service entered failed state.
Sep 30 17:01:34 jndpw systemd[1]: nginx.service failed.
[root@jndpw conf.d]# vim mynginx.conf
[root@jndpw conf.d]# service nginx restart
Redirecting to /bin/systemctl restart  nginx.service
[root@jndpw conf.d]# cd /var/log/nginx/
[root@jndpw nginx]# ls
access.log  error.log
[root@jndpw nginx]# ls -rtl
total 28
-rw-r--r-- 1 root root  5732 Sep 30 17:03 error.log
-rw-r--r-- 1 root root 16621 Sep 30 17:03 access.log
[root@jndpw nginx]# tail -f error.log
2017/09/30 16:57:30 [error] 4412#0: *18 "/usr/share/nginx/html/phpmyadmin/index.html" is not found (2: No such file or directory), client: 140.205.201.30, server: _, request: "POST /phpmyadmin/ HTTP/1.1", host: "47.94.154.241:80"
2017/09/30 16:57:31 [error] 4412#0: *19 "/usr/share/nginx/html/phpmyadmin/index.html" is not found (2: No such file or directory), client: 140.205.201.30, server: _, request: "GET /phpmyadmin/ HTTP/1.1", host: "47.94.154.241:80"
2017/09/30 16:57:31 [error] 4412#0: *20 "/usr/share/nginx/html/phpmyadmin/index.html" is not found (2: No such file or directory), client: 140.205.201.30, server: _, request: "POST /phpmyadmin/ HTTP/1.1", host: "47.94.154.241:80"
2017/09/30 16:57:31 [error] 4412#0: *21 "/usr/share/nginx/html/phpmyadmin/index.html" is not found (2: No such file or directory), client: 140.205.201.30, server: _, request: "GET /phpmyadmin/ HTTP/1.1", host: "47.94.154.241:80"
2017/09/30 16:57:31 [error] 4412#0: *22 "/usr/share/nginx/html/phpmyadmin/index.html" is not found (2: No such file or directory), client: 140.205.201.30, server: _, request: "POST /phpmyadmin/ HTTP/1.1", host: "47.94.154.241:80"
2017/09/30 16:59:15 [emerg] 4512#0: "worker_processes" directive is not allowed here in /etc/nginx/conf.d/mynginx.conf:3
2017/09/30 16:59:37 [emerg] 4551#0: "worker_processes" directive is not allowed here in /etc/nginx/conf.d/mynginx.conf:3
2017/09/30 17:01:07 [emerg] 4605#0: "events" directive is not allowed here in /etc/nginx/conf.d/mynginx.conf:12
2017/09/30 17:01:34 [emerg] 4633#0: "http" directive is not allowed here in /etc/nginx/conf.d/mynginx.conf:17
2017/09/30 17:03:35 [error] 4669#0: *1 "/root/novelServer/public/theIndex.html" is forbidden (13: Permission denied), client: 183.156.48.235, server: 47.94.154.241, request: "GET / HTTP/1.1", host: "47.94.154.241"











^C
[root@jndpw nginx]# cd
[root@jndpw ~]# ls
mysql-5.7.19-linux-glibc2.12-x86_64  mysql-5.7.19-linux-glibc2.12-x86_64.tar.gz  node-v6.11.3-linux-x64  node-v6.11.3-linux-x64.tar.xz  novelServer
[root@jndpw ~]# cd novelServer/
[root@jndpw novelServer]# ls
app.js  bin  libs  node_modules  novel  package.json  public  routes
[root@jndpw novelServer]# cd ../
[root@jndpw ~]# ls
mysql-5.7.19-linux-glibc2.12-x86_64  mysql-5.7.19-linux-glibc2.12-x86_64.tar.gz  node-v6.11.3-linux-x64  node-v6.11.3-linux-x64.tar.xz  novelServer
[root@jndpw ~]# cp -r novelServer/  novelServer_bak
[root@jndpw ~]# ls
mysql-5.7.19-linux-glibc2.12-x86_64  mysql-5.7.19-linux-glibc2.12-x86_64.tar.gz  node-v6.11.3-linux-x64  node-v6.11.3-linux-x64.tar.xz  novelServer  novelServer_bak
[root@jndpw ~]# ls -rtl
total 635424
-rw-r--r-- 1 root root   9356032 Sep 30 09:08 node-v6.11.3-linux-x64.tar.xz
drwxrwxr-x 7  500  500      4096 Sep 30 10:43 node-v6.11.3-linux-x64
-rw-r--r-- 1 root root 640650826 Sep 30 11:42 mysql-5.7.19-linux-glibc2.12-x86_64.tar.gz
drwxr-xr-x 9 root root      4096 Sep 30 13:29 mysql-5.7.19-linux-glibc2.12-x86_64
drwxr-xr-x 8 root root      4096 Sep 30 16:29 novelServer
drwxr-xr-x 8 root root      4096 Sep 30 17:04 novelServer_bak
[root@jndpw ~]# chmod 777 -R novelServer
[root@jndpw ~]# ls -rtl
total 635424
-rw-r--r-- 1 root root   9356032 Sep 30 09:08 node-v6.11.3-linux-x64.tar.xz
drwxrwxr-x 7  500  500      4096 Sep 30 10:43 node-v6.11.3-linux-x64
-rw-r--r-- 1 root root 640650826 Sep 30 11:42 mysql-5.7.19-linux-glibc2.12-x86_64.tar.gz
drwxr-xr-x 9 root root      4096 Sep 30 13:29 mysql-5.7.19-linux-glibc2.12-x86_64
drwxrwxrwx 8 root root      4096 Sep 30 16:29 novelServer
drwxr-xr-x 8 root root      4096 Sep 30 17:04 novelServer_bak
[root@jndpw ~]# cd /var/log/nginx/
[root@jndpw nginx]# tail -f error.log
2017/09/30 17:03:35 [error] 4669#0: *1 "/root/novelServer/public/theIndex.html" is forbidden (13: Permission denied), client: 183.156.48.235, server: 47.94.154.241, request: "GET / HTTP/1.1", host: "47.94.154.241"
2017/09/30 17:06:06 [error] 4669#0: *2 "/root/novelServer/public/theIndex.html" is forbidden (13: Permission denied), client: 140.205.201.30, server: 47.94.154.241, request: "POST / HTTP/1.1", host: "47.94.154.241"
2017/09/30 17:06:50 [error] 4669#0: *3 "/root/novelServer/public/theIndex.html" is forbidden (13: Permission denied), client: 183.156.48.235, server: 47.94.154.241, request: "GET / HTTP/1.1", host: "47.94.154.241"
2017/09/30 17:06:51 [error] 4669#0: *3 "/root/novelServer/public/theIndex.html" is forbidden (13: Permission denied), client: 183.156.48.235, server: 47.94.154.241, request: "GET / HTTP/1.1", host: "47.94.154.241"
2017/09/30 17:06:52 [error] 4669#0: *3 "/root/novelServer/public/theIndex.html" is forbidden (13: Permission denied), client: 183.156.48.235, server: 47.94.154.241, request: "GET / HTTP/1.1", host: "47.94.154.241"
2017/09/30 17:06:52 [error] 4669#0: *3 "/root/novelServer/public/theIndex.html" is forbidden (13: Permission denied), client: 183.156.48.235, server: 47.94.154.241, request: "GET / HTTP/1.1", host: "47.94.154.241"
2017/09/30 17:06:52 [error] 4669#0: *3 "/root/novelServer/public/theIndex.html" is forbidden (13: Permission denied), client: 183.156.48.235, server: 47.94.154.241, request: "GET / HTTP/1.1", host: "47.94.154.241"
2017/09/30 17:06:52 [error] 4669#0: *3 "/root/novelServer/public/theIndex.html" is forbidden (13: Permission denied), client: 183.156.48.235, server: 47.94.154.241, request: "GET / HTTP/1.1", host: "47.94.154.241"
2017/09/30 17:06:52 [error] 4669#0: *3 "/root/novelServer/public/theIndex.html" is forbidden (13: Permission denied), client: 183.156.48.235, server: 47.94.154.241, request: "GET / HTTP/1.1", host: "47.94.154.241"
2017/09/30 17:06:53 [error] 4669#0: *3 "/root/novelServer/public/theIndex.html" is forbidden (13: Permission denied), client: 183.156.48.235, server: 47.94.154.241, request: "GET / HTTP/1.1", host: "47.94.154.241"





c^C
[root@jndpw nginx]# service nginx restart
Redirecting to /bin/systemctl restart  nginx.service
[root@jndpw nginx]# tail -f error.log
2017/09/30 17:06:52 [error] 4669#0: *3 "/root/novelServer/public/theIndex.html" is forbidden (13: Permission denied), client: 183.156.48.235, server: 47.94.154.241, request: "GET / HTTP/1.1", host: "47.94.154.241"
2017/09/30 17:06:53 [error] 4669#0: *3 "/root/novelServer/public/theIndex.html" is forbidden (13: Permission denied), client: 183.156.48.235, server: 47.94.154.241, request: "GET / HTTP/1.1", host: "47.94.154.241"
2017/09/30 17:07:21 [error] 4755#0: *1 "/root/novelServer/public/theIndex.html" is forbidden (13: Permission denied), client: 183.156.48.235, server: 47.94.154.241, request: "GET / HTTP/1.1", host: "47.94.154.241"
2017/09/30 17:07:22 [error] 4755#0: *1 "/root/novelServer/public/theIndex.html" is forbidden (13: Permission denied), client: 183.156.48.235, server: 47.94.154.241, request: "GET / HTTP/1.1", host: "47.94.154.241"
2017/09/30 17:07:22 [error] 4755#0: *1 "/root/novelServer/public/theIndex.html" is forbidden (13: Permission denied), client: 183.156.48.235, server: 47.94.154.241, request: "GET / HTTP/1.1", host: "47.94.154.241"
2017/09/30 17:07:23 [error] 4755#0: *1 "/root/novelServer/public/theIndex.html" is forbidden (13: Permission denied), client: 183.156.48.235, server: 47.94.154.241, request: "GET / HTTP/1.1", host: "47.94.154.241"
2017/09/30 17:07:23 [error] 4755#0: *1 "/root/novelServer/public/theIndex.html" is forbidden (13: Permission denied), client: 183.156.48.235, server: 47.94.154.241, request: "GET / HTTP/1.1", host: "47.94.154.241"
2017/09/30 17:07:23 [error] 4755#0: *1 "/root/novelServer/public/theIndex.html" is forbidden (13: Permission denied), client: 183.156.48.235, server: 47.94.154.241, request: "GET / HTTP/1.1", host: "47.94.154.241"
2017/09/30 17:07:24 [error] 4755#0: *1 "/root/novelServer/public/theIndex.html" is forbidden (13: Permission denied), client: 183.156.48.235, server: 47.94.154.241, request: "GET / HTTP/1.1", host: "47.94.154.241"
2017/09/30 17:07:24 [error] 4755#0: *1 "/root/novelServer/public/theIndex.html" is forbidden (13: Permission denied), client: 183.156.48.235, server: 47.94.154.241, request: "GET / HTTP/1.1", host: "47.94.154.241"





^C
[root@jndpw nginx]# geten
getenforce  getent
[root@jndpw nginx]# getenforce
Disabled
[root@jndpw nginx]# firewall
firewall-cmd          firewalld             firewall-offline-cmd
[root@jndpw nginx]# firewall-cmd --state
not running
[root@jndpw nginx]# cd ..
[root@jndpw log]# ls
anaconda  boot.log  chrony          dmesg      journal  maillog   nginx     ppp         rhsm  secure   tallylog  wtmp
audit     btmp      cloud-init.log  dmesg.old  lastlog  messages  ntpstats  repair.log  sa    spooler  tuned     yum.log
[root@jndpw log]# cd
[root@jndpw ~]# ls
mysql-5.7.19-linux-glibc2.12-x86_64  mysql-5.7.19-linux-glibc2.12-x86_64.tar.gz  node-v6.11.3-linux-x64  node-v6.11.3-linux-x64.tar.xz  novelServer  novelServer_bak
[root@jndpw ~]# cd novelServer
[root@jndpw novelServer]# ls
app.js  bin  libs  node_modules  novel  package.json  public  routes
[root@jndpw novelServer]# cd public/
[root@jndpw public]# ls
asset-manifest.json  static  theIndex.html  theIndexTest.html
[root@jndpw public]# ls -rtl
total 16
-rwxrwxrwx 1 root root  176 Sep 30 10:39 asset-manifest.json
drwxrwxrwx 4 root root 4096 Sep 30 10:39 static
-rwxrwxrwx 1 root root  520 Sep 30 10:39 theIndex.html
-rwxrwxrwx 1 root root 1395 Sep 30 10:39 theIndexTest.html
[root@jndpw public]# cd /etc/nginx/
[root@jndpw nginx]# ls
conf.d     fastcgi.conf          fastcgi_params          koi-utf  mime.types          nginx.conf          scgi_params          uwsgi_params          win-utf
default.d  fastcgi.conf.default  fastcgi_params.default  koi-win  mime.types.default  nginx.conf.default  scgi_params.default  uwsgi_params.default
[root@jndpw nginx]# vim nginx.conf
[root@jndpw nginx]# service nginx restart
Redirecting to /bin/systemctl restart  nginx.service
[root@jndpw nginx]#
